#-----------------------------------------------------------
# Vivado v2020.2 (64-bit)
# SW Build 3064766 on Wed Nov 18 09:12:45 MST 2020
# IP Build 3064653 on Wed Nov 18 14:17:31 MST 2020
# Start of session at: Tue May 28 11:01:22 2024
# Process ID: 2212
# Current directory: C:/Users/Stan/Documents/Git/LaboSystemNumeric/Rendu_5/Vivado
# Command line: vivado.exe -gui_launcher_event rodinguilauncherevent9816 C:\Users\Stan\Documents\Git\LaboSystemNumeric\Rendu_5\Vivado\Vivado.xpr
# Log file: C:/Users/Stan/Documents/Git/LaboSystemNumeric/Rendu_5/Vivado/vivado.log
# Journal file: C:/Users/Stan/Documents/Git/LaboSystemNumeric/Rendu_5/Vivado\vivado.jou
#-----------------------------------------------------------
start_gui
open_project C:/Users/Stan/Documents/Git/LaboSystemNumeric/Rendu_5/Vivado/Vivado.xpr
update_compile_order -fileset sources_1
set_property SOURCE_SET sources_1 [get_filesets sim_1]
import_files -fileset sim_1 -norecurse C:/Users/Stan/Downloads/testbench.vhd
update_compile_order -fileset sim_1
launch_simulation
source testbench.tcl
restart
run all
close_sim
launch_simulation
launch_simulation
source testbench.tcl
restart
run all
close_sim
