#-----------------------------------------------------------
# Vivado v2020.2 (64-bit)
# SW Build 3064766 on Wed Nov 18 09:12:45 MST 2020
# IP Build 3064653 on Wed Nov 18 14:17:31 MST 2020
# Start of session at: Sun May 19 16:05:04 2024
# Process ID: 22336
# Current directory: C:/Users/gabdo/OneDrive - HE-ARC/Documents/HeArc/ISC1b/systemes_numériques/LaboSystemNumeric/Rendu_4/Vivado
# Command line: vivado.exe -gui_launcher_event rodinguilauncherevent12292 C:\Users\gabdo\OneDrive - HE-ARC\Documents\HeArc\ISC1b\systemes_numériques\LaboSystemNumeric\Rendu_4\Vivado\Vivado.xpr
# Log file: C:/Users/gabdo/OneDrive - HE-ARC/Documents/HeArc/ISC1b/systemes_numériques/LaboSystemNumeric/Rendu_4/Vivado/vivado.log
# Journal file: C:/Users/gabdo/OneDrive - HE-ARC/Documents/HeArc/ISC1b/systemes_numériques/LaboSystemNumeric/Rendu_4/Vivado\vivado.jou
#-----------------------------------------------------------
start_gui
open_project {C:/Users/gabdo/OneDrive - HE-ARC/Documents/HeArc/ISC1b/systemes_numériques/LaboSystemNumeric/Rendu_4/Vivado/Vivado.xpr}
update_compile_order -fileset sources_1
